clang -std=c99 -O2 -g -Wall -Wextra -Wpedantic -Wconversion -Wshadow -Wstrict-prototypes -Werror 01-xor/xor_cipher.c 01-xor/xor_cipher_tests.c  -o build/xor_tests
clang -std=c99 -O2 -g -Wall -Wextra -Wpedantic -Wconversion -Wshadow -Wstrict-prototypes -Werror 02-caesar/caesar.c 02-caesar/caesar_tests.c  -o build/caesar_tests
clang -std=c99 -O2 -g -Wall -Wextra -Wpedantic -Wconversion -Wshadow -Wstrict-prototypes -Werror 03-hash/hash.c 03-hash/hash_tests.c  -o build/hash_tests
clang -std=c99 -O2 -g -Wall -Wextra -Wpedantic -Wconversion -Wshadow -Wstrict-prototypes -Werror 05-constant-time/ct_compare.c 05-constant-time/ct_compare_tests.c  -o build/compare_tests
build/xor_tests
xor: 34 checks, 0 failures
build/caesar_tests
caesar: 32 checks, 0 failures
build/hash_tests
hash: 23 checks, 0 failures
build/compare_tests
compare: 23 checks, 0 failures
clang -std=c99 -O2 -g -Wall -Wextra -Wpedantic -Wconversion -Wshadow -Wstrict-prototypes -Werror -fno-lto bench/lab_bench.c 01-xor/xor_cipher.c 05-constant-time/ct_compare.c  -o build/lab_bench
BENCH_BINARY=build/lab_bench ./tests/test_benchmark_cli.sh
benchmark CLI: 17 checks, 0 failures
python3 -m unittest discover -s tests -p 'test_*.py'
..
----------------------------------------------------------------------
Ran 2 tests in 0.004s

OK
